Archive member included because of file (symbol)

.\CortexM0\ARM_GCC_484\Debug\Motor.a(cyfitter_cfg.o)
                              .\CortexM0\ARM_GCC_484\Debug\Cm0Start.o (cyfitter_cfg)
.\CortexM0\ARM_GCC_484\Debug\Motor.a(Bootloadable_1.o)
                              .\CortexM0\ARM_GCC_484\Debug\main.o (Bootloadable_1_Load)
.\CortexM0\ARM_GCC_484\Debug\Motor.a(UART_1.o)
                              .\CortexM0\ARM_GCC_484\Debug\main.o (UART_1_Start)
.\CortexM0\ARM_GCC_484\Debug\Motor.a(UART_1_UART.o)
                              .\CortexM0\ARM_GCC_484\Debug\Motor.a(UART_1.o) (UART_1_UartInit)
.\CortexM0\ARM_GCC_484\Debug\Motor.a(CyBootAsmGnu.o)
                              .\CortexM0\ARM_GCC_484\Debug\Motor.a(cyfitter_cfg.o) (CyDelayCycles)
.\CortexM0\ARM_GCC_484\Debug\Motor.a(CyFlash.o)
                              .\CortexM0\ARM_GCC_484\Debug\Motor.a(Bootloadable_1.o) (CySysFlashWriteRow)
.\CortexM0\ARM_GCC_484\Debug\Motor.a(CyLib.o)
                              .\CortexM0\ARM_GCC_484\Debug\Motor.a(cyfitter_cfg.o) (CyDelayUs)
.\CortexM0\ARM_GCC_484\Debug\Motor.a(PWM_1.o)
                              .\CortexM0\ARM_GCC_484\Debug\main.o (PWM_1_WriteCompare)
.\CortexM0\ARM_GCC_484\Debug\Motor.a(Pin_1_0.o)
                              .\CortexM0\ARM_GCC_484\Debug\main.o (Pin_1_0_Write)
.\CortexM0\ARM_GCC_484\Debug\Motor.a(Pin_1_1.o)
                              .\CortexM0\ARM_GCC_484\Debug\main.o (Pin_1_1_Write)
.\CortexM0\ARM_GCC_484\Debug\Motor.a(pin_button.o)
                              .\CortexM0\ARM_GCC_484\Debug\main.o (pin_button_Read)
.\CortexM0\ARM_GCC_484\Debug\Motor.a(Timer_CH1.o)
                              .\CortexM0\ARM_GCC_484\Debug\main.o (Timer_CH1_Start)
.\CortexM0\ARM_GCC_484\Debug\Motor.a(Timer_CH2.o)
                              .\CortexM0\ARM_GCC_484\Debug\main.o (Timer_CH2_Start)
.\CortexM0\ARM_GCC_484\Debug\Motor.a(isr_CH1.o)
                              .\CortexM0\ARM_GCC_484\Debug\main.o (isr_CH1_Start)
.\CortexM0\ARM_GCC_484\Debug\Motor.a(isr_CH2.o)
                              .\CortexM0\ARM_GCC_484\Debug\main.o (isr_CH2_Start)
.\CortexM0\ARM_GCC_484\Debug\Motor.a(PWM_2.o)
                              .\CortexM0\ARM_GCC_484\Debug\main.o (PWM_2_WriteCompare)
.\CortexM0\ARM_GCC_484\Debug\Motor.a(Pin_0_6.o)
                              .\CortexM0\ARM_GCC_484\Debug\main.o (Pin_0_6_Write)
.\CortexM0\ARM_GCC_484\Debug\Motor.a(Pin_0_5.o)
                              .\CortexM0\ARM_GCC_484\Debug\main.o (Pin_0_5_Write)
.\CortexM0\ARM_GCC_484\Debug\Motor.a(UART_1_SPI_UART.o)
                              .\CortexM0\ARM_GCC_484\Debug\Motor.a(UART_1_UART.o) (UART_1_SpiUartReadRxData)
c:/program files (x86)/cypress/psoc creator/3.1/psoc creator/import/gnu_cs/arm/4.8.4/bin/../lib/gcc/arm-none-eabi/4.8.4/armv6-m\libgcc.a(_udivsi3.o)
                              .\CortexM0\ARM_GCC_484\Debug\Motor.a(CyLib.o) (__aeabi_uidiv)
c:/program files (x86)/cypress/psoc creator/3.1/psoc creator/import/gnu_cs/arm/4.8.4/bin/../lib/gcc/arm-none-eabi/4.8.4/armv6-m\libgcc.a(_divsi3.o)
                              .\CortexM0\ARM_GCC_484\Debug\Cm0Start.o (__aeabi_idiv)
c:/program files (x86)/cypress/psoc creator/3.1/psoc creator/import/gnu_cs/arm/4.8.4/bin/../lib/gcc/arm-none-eabi/4.8.4/armv6-m\libgcc.a(_dvmd_tls.o)
                              c:/program files (x86)/cypress/psoc creator/3.1/psoc creator/import/gnu_cs/arm/4.8.4/bin/../lib/gcc/arm-none-eabi/4.8.4/armv6-m\libgcc.a(_udivsi3.o) (__aeabi_idiv0)
c:/program files (x86)/cypress/psoc creator/3.1/psoc creator/import/gnu_cs/arm/4.8.4/bin/../lib/gcc/arm-none-eabi/4.8.4/../../../../arm-none-eabi/lib/armv6-m\libg_s.a(lib_a-errno.o)
                              .\CortexM0\ARM_GCC_484\Debug\Cm0Start.o (__errno)
c:/program files (x86)/cypress/psoc creator/3.1/psoc creator/import/gnu_cs/arm/4.8.4/bin/../lib/gcc/arm-none-eabi/4.8.4/../../../../arm-none-eabi/lib/armv6-m\libg_s.a(lib_a-exit.o)
                              c:/program files (x86)/cypress/psoc creator/3.1/psoc creator/import/gnu_cs/arm/4.8.4/bin/../lib/gcc/arm-none-eabi/4.8.4/../../../../arm-none-eabi/lib/armv6-m/crt0.o (exit)
c:/program files (x86)/cypress/psoc creator/3.1/psoc creator/import/gnu_cs/arm/4.8.4/bin/../lib/gcc/arm-none-eabi/4.8.4/../../../../arm-none-eabi/lib/armv6-m\libg_s.a(lib_a-impure.o)
                              c:/program files (x86)/cypress/psoc creator/3.1/psoc creator/import/gnu_cs/arm/4.8.4/bin/../lib/gcc/arm-none-eabi/4.8.4/../../../../arm-none-eabi/lib/armv6-m\libg_s.a(lib_a-exit.o) (_global_impure_ptr)
c:/program files (x86)/cypress/psoc creator/3.1/psoc creator/import/gnu_cs/arm/4.8.4/bin/../lib/gcc/arm-none-eabi/4.8.4/../../../../arm-none-eabi/lib/armv6-m\libg_s.a(lib_a-init.o)
                              c:/program files (x86)/cypress/psoc creator/3.1/psoc creator/import/gnu_cs/arm/4.8.4/bin/../lib/gcc/arm-none-eabi/4.8.4/../../../../arm-none-eabi/lib/armv6-m/crt0.o (__libc_init_array)
[...]
Memory Configuration

Name             Origin             Length             Attributes
rom              0x00000000         0x00008000         xr
ram              0x20000000         0x00001000         xrw
*default*        0x00000000         0xffffffff

Linker script and memory map

LOAD c:/program files (x86)/cypress/psoc creator/3.1/psoc creator/import/gnu_cs/arm/4.8.4/bin/../lib/gcc/arm-none-eabi/4.8.4/armv6-m/crti.o
LOAD c:/program files (x86)/cypress/psoc creator/3.1/psoc creator/import/gnu_cs/arm/4.8.4/bin/../lib/gcc/arm-none-eabi/4.8.4/armv6-m/crtbegin.o
LOAD c:/program files (x86)/cypress/psoc creator/3.1/psoc creator/import/gnu_cs/arm/4.8.4/bin/../lib/gcc/arm-none-eabi/4.8.4/../../../../arm-none-eabi/lib/armv6-m/crt0.o
START GROUP
LOAD .\CortexM0\ARM_GCC_484\Debug\main.o
LOAD .\CortexM0\ARM_GCC_484\Debug\cybootloader.o
LOAD .\CortexM0\ARM_GCC_484\Debug\cymetadata.o
LOAD .\CortexM0\ARM_GCC_484\Debug\Cm0Start.o
LOAD .\CortexM0\ARM_GCC_484\Debug\Motor.a
LOAD C:\Program Files (x86)\Cypress\PSoC Creator\3.1\PSoC Creator\psoc\content\cycomponentlibrary\CyComponentLibrary.cylib\CortexM0\ARM_GCC_484\Debug\CyComponentLibrary.a
END GROUP
START GROUP
LOAD c:/program files (x86)/cypress/psoc creator/3.1/psoc creator/import/gnu_cs/arm/4.8.4/bin/../lib/gcc/arm-none-eabi/4.8.4/armv6-m\libgcc.a
LOAD c:/program files (x86)/cypress/psoc creator/3.1/psoc creator/import/gnu_cs/arm/4.8.4/bin/../lib/gcc/arm-none-eabi/4.8.4/../../../../arm-none-eabi/lib/armv6-m\libg_s.a
LOAD c:/program files (x86)/cypress/psoc creator/3.1/psoc creator/import/gnu_cs/arm/4.8.4/bin/../lib/gcc/arm-none-eabi/4.8.4/../../../../arm-none-eabi/lib/armv6-m\libc_s.a
END GROUP
START GROUP
LOAD c:/program files (x86)/cypress/psoc creator/3.1/psoc creator/import/gnu_cs/arm/4.8.4/bin/../lib/gcc/arm-none-eabi/4.8.4/armv6-m\libgcc.a
LOAD c:/program files (x86)/cypress/psoc creator/3.1/psoc creator/import/gnu_cs/arm/4.8.4/bin/../lib/gcc/arm-none-eabi/4.8.4/../../../../arm-none-eabi/lib/armv6-m\libc_s.a
END GROUP
LOAD c:/program files (x86)/cypress/psoc creator/3.1/psoc creator/import/gnu_cs/arm/4.8.4/bin/../lib/gcc/arm-none-eabi/4.8.4/armv6-m/crtend.o
LOAD c:/program files (x86)/cypress/psoc creator/3.1/psoc creator/import/gnu_cs/arm/4.8.4/bin/../lib/gcc/arm-none-eabi/4.8.4/armv6-m/crtn.o
START GROUP
LOAD c:/program files (x86)/cypress/psoc creator/3.1/psoc creator/import/gnu_cs/arm/4.8.4/bin/../lib/gcc/arm-none-eabi/4.8.4/armv6-m\libgcc.a
LOAD c:/program files (x86)/cypress/psoc creator/3.1/psoc creator/import/gnu_cs/arm/4.8.4/bin/../lib/gcc/arm-none-eabi/4.8.4/../../../../arm-none-eabi/lib/armv6-m\libc.a
LOAD c:/program files (x86)/cypress/psoc creator/3.1/psoc creator/import/gnu_cs/arm/4.8.4/bin/../lib/gcc/arm-none-eabi/4.8.4/../../../../arm-none-eabi/lib/armv6-m\libnosys.a
END GROUP
                0x00000000                CY_APPL_ORIGIN = 0x0
                0x00000080                CY_FLASH_ROW_SIZE = 0x80
                0x00000001                CY_APPL_NUM = 0x1
                0x00000040                CY_METADATA_SIZE = 0x40
                0x20000118                PROVIDE (__cy_heap_start, _end)
                0x00000001                PROVIDE (__cy_region_num, ((__cy_regions_end - __cy_regions) / 0x10))
                0x20001000                PROVIDE (__cy_stack, (ORIGIN (ram) + 0x1000))
                0x20000c00                PROVIDE (__cy_heap_end, (__cy_stack - 0x400))

.cybootloader   0x00000000     0x1180
 *(.cybootloader)
 .cybootloader  0x00000000     0x1180 .\CortexM0\ARM_GCC_484\Debug\cybootloader.o
                0x00000000                cy_bootloader
                0x00001180                appl1_start = CY_APPL_ORIGIN?CY_APPL_ORIGIN:ALIGN (CY_FLASH_ROW_SIZE)
                0x00004880                appl2_start = (appl1_start + ALIGN ((((0x8000 - appl1_start) - (0x2 * CY_FLASH_ROW_SIZE)) / 0x2), CY_FLASH_ROW_SIZE))
                0x00001180                appl_start = (CY_APPL_NUM == 0x1)?appl1_start:appl2_start

.text           0x00001180     0x11e0
 CREATE_OBJECT_SYMBOLS
                0x00001180                PROVIDE (__cy_interrupt_vector, RomVectors)
 *(.romvectors)
 .romvectors    0x00001180       0x10 .\CortexM0\ARM_GCC_484\Debug\Cm0Start.o
                0x00001180                RomVectors
                0x00000001                ASSERT ((. != __cy_interrupt_vector), No interrupt vector)
                0x00000001                ASSERT (CY_APPL_ORIGIN?(SIZEOF (.cybootloader) <= CY_APPL_ORIGIN):0x1, Wrong image location)
                0x00001190                PROVIDE (__cy_reset, Reset)
 *(.text.Reset)
 .text.Reset    0x00001190       0x14 .\CortexM0\ARM_GCC_484\Debug\Cm0Start.o
                0x00001190                Reset
                0x00000001                ASSERT ((. != __cy_reset), No reset code)
 *(.psocinit)
 .psocinit      0x000011a4      0x360 .\CortexM0\ARM_GCC_484\Debug\Motor.a(cyfitter_cfg.o)
                0x00001308                cyfitter_cfg
                0x00001504                . = MAX (., 0x100)
 *(.text .text.* .gnu.linkonce.t.*)
 .text          0x00001504       0x60 c:/program files (x86)/cypress/psoc creator/3.1/psoc creator/import/gnu_cs/arm/4.8.4/bin/../lib/gcc/arm-none-eabi/4.8.4/armv6-m/crtbegin.o
 .text.run_motor
                0x00001564       0xa8 .\CortexM0\ARM_GCC_484\Debug\main.o
                0x00001564                run_motor
 .text.main     0x0000160c      0x158 .\CortexM0\ARM_GCC_484\Debug\main.o
                0x0000160c                main
 .text.IntDefaultHandler
                0x00001764        0x8 .\CortexM0\ARM_GCC_484\Debug\Cm0Start.o
                0x00001764                IntDefaultHandler
 .text.Start_c  0x0000176c       0x98 .\CortexM0\ARM_GCC_484\Debug\Cm0Start.o
                0x0000176c                Start_c
 .text.initialize_psoc
                0x00001804       0x74 .\CortexM0\ARM_GCC_484\Debug\Cm0Start.o
                0x00001804                initialize_psoc
 .text.CYMEMZERO
                0x00001878       0x20 .\CortexM0\ARM_GCC_484\Debug\Motor.a(cyfitter_cfg.o)
 .text.cfg_write_bytes32
                0x00001898       0x80 .\CortexM0\ARM_GCC_484\Debug\Motor.a(cyfitter_cfg.o)
 .text.AnalogSetDefault
                0x00001918        0x8 .\CortexM0\ARM_GCC_484\Debug\Motor.a(cyfitter_cfg.o)
 .text.Bootloadable_1_Load
                0x00001920       0x18 .\CortexM0\ARM_GCC_484\Debug\Motor.a(Bootloadable_1.o)
                0x00001920                Bootloadable_1_Load
 .text.UART_1_Init
                0x00001938        0xc .\CortexM0\ARM_GCC_484\Debug\Motor.a(UART_1.o)
                0x00001938                UART_1_Init
 .text.UART_1_Enable
                0x00001944       0x20 .\CortexM0\ARM_GCC_484\Debug\Motor.a(UART_1.o)
                0x00001944                UART_1_Enable
 .text.UART_1_Start
                0x00001964       0x24 .\CortexM0\ARM_GCC_484\Debug\Motor.a(UART_1.o)
                0x00001964                UART_1_Start
 .text.UART_1_ScbEnableIntr
                0x00001988        0x8 .\CortexM0\ARM_GCC_484\Debug\Motor.a(UART_1.o)
 .text.UART_1_UartInit
                0x00001990       0xa8 .\CortexM0\ARM_GCC_484\Debug\Motor.a(UART_1_UART.o)
                0x00001990                UART_1_UartInit
 .text          0x00001a38       0x28 .\CortexM0\ARM_GCC_484\Debug\Motor.a(CyBootAsmGnu.o)
                0x00001a38                CyDelayCycles
                0x00001a4c                CyEnterCriticalSection
                0x00001a54                CyExitCriticalSection
 .text.CySoftwareReset
                0x00001a60       0x20 .\CortexM0\ARM_GCC_484\Debug\Motor.a(CyLib.o)
                0x00001a60                CySoftwareReset
 .text.CyDelay  0x00001a80       0x48 .\CortexM0\ARM_GCC_484\Debug\Motor.a(CyLib.o)
                0x00001a80                CyDelay
 .text.CyDelayUs
                0x00001ac8       0x28 .\CortexM0\ARM_GCC_484\Debug\Motor.a(CyLib.o)
                0x00001ac8                CyDelayUs
 .text.PWM_1_Init
                0x00001af0       0x50 .\CortexM0\ARM_GCC_484\Debug\Motor.a(PWM_1.o)
                0x00001af0                PWM_1_Init
 .text.PWM_1_Enable
                0x00001b40       0x38 .\CortexM0\ARM_GCC_484\Debug\Motor.a(PWM_1.o)
                0x00001b40                PWM_1_Enable
 .text.PWM_1_Start
                0x00001b78       0x24 .\CortexM0\ARM_GCC_484\Debug\Motor.a(PWM_1.o)
                0x00001b78                PWM_1_Start
 .text.PWM_1_WriteCounter
                0x00001b9c       0x1c .\CortexM0\ARM_GCC_484\Debug\Motor.a(PWM_1.o)
                0x00001b9c                PWM_1_WriteCounter
 .text.PWM_1_WritePeriod
                0x00001bb8       0x1c .\CortexM0\ARM_GCC_484\Debug\Motor.a(PWM_1.o)
                0x00001bb8                PWM_1_WritePeriod
 .text.PWM_1_WriteCompare
                0x00001bd4       0x1c .\CortexM0\ARM_GCC_484\Debug\Motor.a(PWM_1.o)
                0x00001bd4                PWM_1_WriteCompare
 .text.PWM_1_TriggerCommand
                0x00001bf0       0x3c .\CortexM0\ARM_GCC_484\Debug\Motor.a(PWM_1.o)
                0x00001bf0                PWM_1_TriggerCommand
 .text.PWM_1_SetInterruptMode
                0x00001c2c       0x18 .\CortexM0\ARM_GCC_484\Debug\Motor.a(PWM_1.o)
                0x00001c2c                PWM_1_SetInterruptMode
 .text.Pin_1_0_Write
                0x00001c44       0x48 .\CortexM0\ARM_GCC_484\Debug\Motor.a(Pin_1_0.o)
                0x00001c44                Pin_1_0_Write
 .text.Pin_1_1_Write
                0x00001c8c       0x4c .\CortexM0\ARM_GCC_484\Debug\Motor.a(Pin_1_1.o)
                0x00001c8c                Pin_1_1_Write
 .text.pin_button_Read
                0x00001cd8       0x1c .\CortexM0\ARM_GCC_484\Debug\Motor.a(pin_button.o)
                0x00001cd8                pin_button_Read
 .text.Timer_CH1_Init
                0x00001cf4       0x38 .\CortexM0\ARM_GCC_484\Debug\Motor.a(Timer_CH1.o)
                0x00001cf4                Timer_CH1_Init
 .text.Timer_CH1_Enable
                0x00001d2c       0x30 .\CortexM0\ARM_GCC_484\Debug\Motor.a(Timer_CH1.o)
                0x00001d2c                Timer_CH1_Enable
 .text.Timer_CH1_Start
                0x00001d5c       0x24 .\CortexM0\ARM_GCC_484\Debug\Motor.a(Timer_CH1.o)
                0x00001d5c                Timer_CH1_Start
 .text.Timer_CH1_WriteCounter
                0x00001d80       0x1c .\CortexM0\ARM_GCC_484\Debug\Motor.a(Timer_CH1.o)
                0x00001d80                Timer_CH1_WriteCounter
 .text.Timer_CH1_ReadCounter
                0x00001d9c       0x18 .\CortexM0\ARM_GCC_484\Debug\Motor.a(Timer_CH1.o)
                0x00001d9c                Timer_CH1_ReadCounter
 .text.Timer_CH1_WritePeriod
                0x00001db4       0x1c .\CortexM0\ARM_GCC_484\Debug\Motor.a(Timer_CH1.o)
                0x00001db4                Timer_CH1_WritePeriod
 .text.Timer_CH1_SetInterruptMode
                0x00001dd0       0x18 .\CortexM0\ARM_GCC_484\Debug\Motor.a(Timer_CH1.o)
                0x00001dd0                Timer_CH1_SetInterruptMode
 .text.Timer_CH1_ClearInterrupt
                0x00001de8       0x18 .\CortexM0\ARM_GCC_484\Debug\Motor.a(Timer_CH1.o)
                0x00001de8                Timer_CH1_ClearInterrupt
 .text.Timer_CH2_Init
                0x00001e00       0x38 .\CortexM0\ARM_GCC_484\Debug\Motor.a(Timer_CH2.o)
                0x00001e00                Timer_CH2_Init
 .text.Timer_CH2_Enable
                0x00001e38       0x30 .\CortexM0\ARM_GCC_484\Debug\Motor.a(Timer_CH2.o)
                0x00001e38                Timer_CH2_Enable
 .text.Timer_CH2_Start
                0x00001e68       0x24 .\CortexM0\ARM_GCC_484\Debug\Motor.a(Timer_CH2.o)
                0x00001e68                Timer_CH2_Start
 .text.Timer_CH2_WriteCounter
                0x00001e8c       0x1c .\CortexM0\ARM_GCC_484\Debug\Motor.a(Timer_CH2.o)
                0x00001e8c                Timer_CH2_WriteCounter
 .text.Timer_CH2_ReadCounter
                0x00001ea8       0x18 .\CortexM0\ARM_GCC_484\Debug\Motor.a(Timer_CH2.o)
                0x00001ea8                Timer_CH2_ReadCounter
 .text.Timer_CH2_WritePeriod
                0x00001ec0       0x1c .\CortexM0\ARM_GCC_484\Debug\Motor.a(Timer_CH2.o)
                0x00001ec0                Timer_CH2_WritePeriod
 .text.Timer_CH2_SetInterruptMode
                0x00001edc       0x18 .\CortexM0\ARM_GCC_484\Debug\Motor.a(Timer_CH2.o)
                0x00001edc                Timer_CH2_SetInterruptMode
 .text.Timer_CH2_ClearInterrupt
                0x00001ef4       0x18 .\CortexM0\ARM_GCC_484\Debug\Motor.a(Timer_CH2.o)
                0x00001ef4                Timer_CH2_ClearInterrupt
 .text.isr_CH1_Start
                0x00001f0c       0x24 .\CortexM0\ARM_GCC_484\Debug\Motor.a(isr_CH1.o)
                0x00001f0c                isr_CH1_Start
 .text.isr_CH1_Interrupt
                0x00001f30       0x3c .\CortexM0\ARM_GCC_484\Debug\Motor.a(isr_CH1.o)
                0x00001f30                isr_CH1_Interrupt
 .text.isr_CH1_SetVector
                0x00001f6c       0x1c .\CortexM0\ARM_GCC_484\Debug\Motor.a(isr_CH1.o)
                0x00001f6c                isr_CH1_SetVector
 .text.isr_CH1_SetPriority
                0x00001f88       0x4c .\CortexM0\ARM_GCC_484\Debug\Motor.a(isr_CH1.o)
                0x00001f88                isr_CH1_SetPriority
 .text.isr_CH1_Enable
                0x00001fd4       0x14 .\CortexM0\ARM_GCC_484\Debug\Motor.a(isr_CH1.o)
                0x00001fd4                isr_CH1_Enable
 .text.isr_CH1_Disable
                0x00001fe8       0x14 .\CortexM0\ARM_GCC_484\Debug\Motor.a(isr_CH1.o)
                0x00001fe8                isr_CH1_Disable
 .text.isr_CH1_ClearPending
                0x00001ffc       0x14 .\CortexM0\ARM_GCC_484\Debug\Motor.a(isr_CH1.o)
                0x00001ffc                isr_CH1_ClearPending
 .text.isr_CH2_Start
                0x00002010       0x24 .\CortexM0\ARM_GCC_484\Debug\Motor.a(isr_CH2.o)
                0x00002010                isr_CH2_Start
 .text.isr_CH2_Interrupt
                0x00002034       0x3c .\CortexM0\ARM_GCC_484\Debug\Motor.a(isr_CH2.o)
                0x00002034                isr_CH2_Interrupt
 .text.isr_CH2_SetVector
                0x00002070       0x1c .\CortexM0\ARM_GCC_484\Debug\Motor.a(isr_CH2.o)
                0x00002070                isr_CH2_SetVector
 .text.isr_CH2_SetPriority
                0x0000208c       0x50 .\CortexM0\ARM_GCC_484\Debug\Motor.a(isr_CH2.o)
                0x0000208c                isr_CH2_SetPriority
 .text.isr_CH2_Enable
                0x000020dc       0x14 .\CortexM0\ARM_GCC_484\Debug\Motor.a(isr_CH2.o)
                0x000020dc                isr_CH2_Enable
 .text.isr_CH2_Disable
                0x000020f0       0x14 .\CortexM0\ARM_GCC_484\Debug\Motor.a(isr_CH2.o)
                0x000020f0                isr_CH2_Disable
 .text.isr_CH2_ClearPending
                0x00002104       0x14 .\CortexM0\ARM_GCC_484\Debug\Motor.a(isr_CH2.o)
                0x00002104                isr_CH2_ClearPending
 .text.PWM_2_Init
                0x00002118       0x50 .\CortexM0\ARM_GCC_484\Debug\Motor.a(PWM_2.o)
                0x00002118                PWM_2_Init
 .text.PWM_2_Enable
                0x00002168       0x38 .\CortexM0\ARM_GCC_484\Debug\Motor.a(PWM_2.o)
                0x00002168                PWM_2_Enable
 .text.PWM_2_Start
                0x000021a0       0x24 .\CortexM0\ARM_GCC_484\Debug\Motor.a(PWM_2.o)
                0x000021a0                PWM_2_Start
 .text.PWM_2_WriteCounter
                0x000021c4       0x1c .\CortexM0\ARM_GCC_484\Debug\Motor.a(PWM_2.o)
                0x000021c4                PWM_2_WriteCounter
 .text.PWM_2_WritePeriod
                0x000021e0       0x1c .\CortexM0\ARM_GCC_484\Debug\Motor.a(PWM_2.o)
                0x000021e0                PWM_2_WritePeriod
 .text.PWM_2_WriteCompare
                0x000021fc       0x1c .\CortexM0\ARM_GCC_484\Debug\Motor.a(PWM_2.o)
                0x000021fc                PWM_2_WriteCompare
 .text.PWM_2_TriggerCommand
                0x00002218       0x3c .\CortexM0\ARM_GCC_484\Debug\Motor.a(PWM_2.o)
                0x00002218                PWM_2_TriggerCommand
 .text.PWM_2_SetInterruptMode
                0x00002254       0x18 .\CortexM0\ARM_GCC_484\Debug\Motor.a(PWM_2.o)
                0x00002254                PWM_2_SetInterruptMode
 .text.Pin_0_6_Write
                0x0000226c       0x4c .\CortexM0\ARM_GCC_484\Debug\Motor.a(Pin_0_6.o)
                0x0000226c                Pin_0_6_Write
 .text.Pin_0_5_Write
                0x000022b8       0x4c .\CortexM0\ARM_GCC_484\Debug\Motor.a(Pin_0_5.o)
                0x000022b8                Pin_0_5_Write
 .text.__libc_init_array
                0x00002304       0x4c c:/program files (x86)/cypress/psoc creator/3.1/psoc creator/import/gnu_cs/arm/4.8.4/bin/../lib/gcc/arm-none-eabi/4.8.4/../../../../arm-none-eabi/lib/armv6-m\libg_s.a(lib_a-init.o)
                0x00002304                __libc_init_array
 .text.memset   0x00002350       0x10 c:/program files (x86)/cypress/psoc creator/3.1/psoc creator/import/gnu_cs/arm/4.8.4/bin/../lib/gcc/arm-none-eabi/4.8.4/../../../../arm-none-eabi/lib/armv6-m\libg_s.a(lib_a-memset.o)
                0x00002350                memset
 *(.plt)
 *(.gnu.warning)
 *(.glue_7t)
 .glue_7t       0x00000000        0x0 linker stubs
 *(.glue_7)
 .glue_7        0x00000000        0x0 linker stubs
 *(.vfp11_veneer)
 .vfp11_veneer  0x00000000        0x0 linker stubs
 *(.bootloader)
 *(.ARM.extab* .gnu.linkonce.armextab.*)
 *(.gcc_except_table)

.v4_bx          0x00002360        0x0
 .v4_bx         0x00000000        0x0 linker stubs

.iplt           0x00002360        0x0
 .iplt          0x00000000        0x0 c:/program files (x86)/cypress/psoc creator/3.1/psoc creator/import/gnu_cs/arm/4.8.4/bin/../lib/gcc/arm-none-eabi/4.8.4/armv6-m/crtbegin.o

.eh_frame_hdr
 *(.eh_frame_hdr)

.eh_frame       0x00002360        0x4
 *(.eh_frame)
 .eh_frame      0x00002360        0x0 c:/program files (x86)/cypress/psoc creator/3.1/psoc creator/import/gnu_cs/arm/4.8.4/bin/../lib/gcc/arm-none-eabi/4.8.4/armv6-m/crtbegin.o
 .eh_frame      0x00002360        0x4 c:/program files (x86)/cypress/psoc creator/3.1/psoc creator/import/gnu_cs/arm/4.8.4/bin/../lib/gcc/arm-none-eabi/4.8.4/armv6-m/crtend.o
                0x00002364                PROVIDE (__exidx_start, .)

.ARM.exidx
 *(.ARM.exidx* .gnu.linkonce.armexidx.*)
                0x00002364                __exidx_end = .

.rodata         0x00002364       0x94
 *(.rodata .rodata.* .gnu.linkonce.r.*)
 .rodata        0x00002364       0x60 .\CortexM0\ARM_GCC_484\Debug\Motor.a(cyfitter_cfg.o)
                0x000023c4                . = ALIGN (0x4)
 *(.init)
 .init          0x000023c4        0x4 c:/program files (x86)/cypress/psoc creator/3.1/psoc creator/import/gnu_cs/arm/4.8.4/bin/../lib/gcc/arm-none-eabi/4.8.4/armv6-m/crti.o
                0x000023c4                _init
 .init          0x000023c8        0x8 c:/program files (x86)/cypress/psoc creator/3.1/psoc creator/import/gnu_cs/arm/4.8.4/bin/../lib/gcc/arm-none-eabi/4.8.4/armv6-m/crtn.o
                0x000023d0                . = ALIGN (0x4)
                0x000023d0                __preinit_array_start = .
 *(.preinit_array)
                0x000023d0                __preinit_array_end = .
                0x000023d0                . = ALIGN (0x4)
                0x000023d0                __init_array_start = .
 *(SORT(.init_array.*))
 *(.init_array)
 .init_array    0x000023d0        0x4 c:/program files (x86)/cypress/psoc creator/3.1/psoc creator/import/gnu_cs/arm/4.8.4/bin/../lib/gcc/arm-none-eabi/4.8.4/armv6-m/crtbegin.o
 .init_array    0x000023d4        0x4 .\CortexM0\ARM_GCC_484\Debug\Cm0Start.o
                0x000023d8                __init_array_end = .
                0x000023d8                . = ALIGN (0x4)
 *(.fini)
 .fini          0x000023d8        0x4 c:/program files (x86)/cypress/psoc creator/3.1/psoc creator/import/gnu_cs/arm/4.8.4/bin/../lib/gcc/arm-none-eabi/4.8.4/armv6-m/crti.o
                0x000023d8                _fini
 .fini          0x000023dc        0x8 c:/program files (x86)/cypress/psoc creator/3.1/psoc creator/import/gnu_cs/arm/4.8.4/bin/../lib/gcc/arm-none-eabi/4.8.4/armv6-m/crtn.o
                0x000023e4                . = ALIGN (0x4)
                0x000023e4                __fini_array_start = .
 *(.fini_array)
 .fini_array    0x000023e4        0x4 c:/program files (x86)/cypress/psoc creator/3.1/psoc creator/import/gnu_cs/arm/4.8.4/bin/../lib/gcc/arm-none-eabi/4.8.4/armv6-m/crtbegin.o
 *(SORT(.fini_array.*))
                0x000023e8                __fini_array_end = .
                0x000023e8                . = ALIGN (0x4)
 *crtbegin.o(.ctors)
 *(EXCLUDE_FILE(*crtend.o) .ctors)
 *(SORT(.ctors.*))
 *crtend.o(.ctors)
                0x000023e8                . = ALIGN (0x4)
 *crtbegin.o(.dtors)
 *(EXCLUDE_FILE(*crtend.o) .dtors)
 *(SORT(.dtors.*))
 *crtend.o(.dtors)
                0x000023e8                . = ALIGN (0x4)
                0x000023e8                __cy_regions = .
                0x000023e8        0x4 LONG 0x23f8 __cy_region_init_ram
                0x000023ec        0x4 LONG 0x200000d0 __cy_region_start_data
                0x000023f0        0x4 LONG 0x20 __cy_region_init_size_ram
                0x000023f4        0x4 LONG 0x28 __cy_region_zero_size_ram
                0x000023f8                __cy_regions_end = .
                0x000023f8                . = ALIGN (0x8)
                0x000023f8                _etext = .

.ramvectors     0x20000000       0xc0
                0x20000000                __cy_region_start_ram = .
 *(.ramvectors)
 .ramvectors    0x20000000       0xc0 .\CortexM0\ARM_GCC_484\Debug\Cm0Start.o
                0x20000000                CyRamVectors

.btldr_run      0x200000c0        0x4
 *(.bootloaderruntype)
 .bootloaderruntype
                0x200000c0        0x4 .\CortexM0\ARM_GCC_484\Debug\Cm0Start.o
                0x200000c0                cyBtldrRunType

.noinit         0x200000c8        0x4
 *(.noinit)
 .noinit        0x200000c8        0x4 .\CortexM0\ARM_GCC_484\Debug\Cm0Start.o

.data           0x200000d0       0x20 load address 0x000023f8
                0x200000d0                __cy_region_start_data = .
 *(.jcr)
 .jcr           0x200000d0        0x0 c:/program files (x86)/cypress/psoc creator/3.1/psoc creator/import/gnu_cs/arm/4.8.4/bin/../lib/gcc/arm-none-eabi/4.8.4/armv6-m/crtbegin.o
 .jcr           0x200000d0        0x4 c:/program files (x86)/cypress/psoc creator/3.1/psoc creator/import/gnu_cs/arm/4.8.4/bin/../lib/gcc/arm-none-eabi/4.8.4/armv6-m/crtend.o
 *(.got.plt)
 *(.got)
 *(.shdata)
 *(.data .data.* .gnu.linkonce.d.*)
 .data          0x200000d4        0x4 .\CortexM0\ARM_GCC_484\Debug\main.o
                0x200000d4                chanel_value
 .data          0x200000d8        0x4 .\CortexM0\ARM_GCC_484\Debug\Motor.a(cyfitter_cfg.o)
 .data          0x200000dc       0x10 .\CortexM0\ARM_GCC_484\Debug\Motor.a(CyLib.o)
                0x200000dc                cydelayFreqHz
                0x200000e0                cydelayFreqKhz
                0x200000e4                cydelayFreqMhz
                0x200000e8                cydelay32kMs
                0x200000f0                . = ALIGN (0x8)
 *fill*         0x200000ec        0x4 
 *(.ram)
                0x200000f0                _edata = .

.igot.plt       0x200000f0        0x0 load address 0x00002418
 .igot.plt      0x00000000        0x0 c:/program files (x86)/cypress/psoc creator/3.1/psoc creator/import/gnu_cs/arm/4.8.4/bin/../lib/gcc/arm-none-eabi/4.8.4/armv6-m/crtbegin.o

.bss            0x200000f0       0x28 load address 0x00002418
                0x200000f0                PROVIDE (__bss_start__, .)
 *(.shbss)
 *(.bss .bss.* .gnu.linkonce.b.*)
 .bss           0x200000f0       0x1c c:/program files (x86)/cypress/psoc creator/3.1/psoc creator/import/gnu_cs/arm/4.8.4/bin/../lib/gcc/arm-none-eabi/4.8.4/armv6-m/crtbegin.o
 .bss           0x2000010c        0x8 .\CortexM0\ARM_GCC_484\Debug\Motor.a(UART_1.o)
                0x2000010c                UART_1_initVar
                0x20000110                UART_1_customIntrHandler
 .bss           0x20000114        0x1 .\CortexM0\ARM_GCC_484\Debug\Motor.a(PWM_1.o)
                0x20000114                PWM_1_initVar
 .bss           0x20000115        0x1 .\CortexM0\ARM_GCC_484\Debug\Motor.a(Timer_CH1.o)
                0x20000115                Timer_CH1_initVar
 .bss           0x20000116        0x1 .\CortexM0\ARM_GCC_484\Debug\Motor.a(Timer_CH2.o)
                0x20000116                Timer_CH2_initVar
 .bss           0x20000117        0x1 .\CortexM0\ARM_GCC_484\Debug\Motor.a(PWM_2.o)
                0x20000117                PWM_2_initVar
 *(COMMON)
                0x20000118                . = ALIGN (0x8)
 *(.ram.b)
                0x20000118                _end = .
                0x20000118                __end = .
                0x20000118                PROVIDE (end, .)
                0x20000118                PROVIDE (__bss_end__, .)
                0x000023f8                __cy_region_init_ram = LOADADDR (.data)
                0x00000020                __cy_region_init_size_ram = (_edata - ADDR (.data))
                0x00000028                __cy_region_zero_size_ram = (_end - _edata)

.heap           0x20000118       0x80 load address 0x00002418
                0x20000118                . = _end
                0x20000198                . = (. + 0x80)
 *fill*         0x20000118       0x80 
                0x20000198                __cy_heap_limit = .

.stack          0x20000c00      0x400
                0x20000c00                __cy_stack_limit = .
                0x20001000                . = (. + 0x400)
 *fill*         0x20000c00      0x400 
                0x00000001                ASSERT ((__cy_stack_limit >= __cy_heap_limit), region RAM overflowed with stack)

.cyloadermeta   0xf0000000       0x40
 *(.cyloadermeta)
 .cyloadermeta  0xf0000000       0x40 .\CortexM0\ARM_GCC_484\Debug\cybootloader.o
                0xf0000000                cy_meta_loader

.cyloadablemeta
                0x00007fc0       0x40
 *(.cyloadablemeta)
 .cyloadablemeta
                0x00007fc0       0x40 .\CortexM0\ARM_GCC_484\Debug\cymetadata.o
                0x00007fc0                cy_meta_loadable

.cyflashprotect
                0x90400000       0x20
 *(.cyflashprotect)
 .cyflashprotect
                0x90400000       0x20 .\CortexM0\ARM_GCC_484\Debug\cybootloader.o
                0x90400000                cy_meta_flashprotect

.cymeta         0x90500000        0xc
 *(.cymeta)
 .cymeta        0x90500000        0xc .\CortexM0\ARM_GCC_484\Debug\cybootloader.o
                0x90500000                cy_metadata

.cychipprotect  0x90600000        0x4
 *(.cychipprotect)
 .cychipprotect
                0x90600000        0x4 .\CortexM0\ARM_GCC_484\Debug\cybootloader.o
                0x90600000                cy_meta_chipprotect

.rel.dyn        0x00008000        0x0 load address 0x90600004
 .rel.iplt      0x00000000        0x0 c:/program files (x86)/cypress/psoc creator/3.1/psoc creator/import/gnu_cs/arm/4.8.4/bin/../lib/gcc/arm-none-eabi/4.8.4/armv6-m/crtbegin.o

.stab
 *(.stab)

.stabstr
 *(.stabstr)

.debug
 *(.debug)

.line
 *(.line)

.debug_srcinfo
 *(.debug_srcinfo)

.debug_sfnames
 *(.debug_sfnames)

.debug_aranges  0x00000000      0xc60
 *(.debug_aranges)
 .debug_aranges
                0x00000000       0x28 .\CortexM0\ARM_GCC_484\Debug\main.o
 .debug_aranges
                0x00000028       0x18 .\CortexM0\ARM_GCC_484\Debug\cybootloader.o
 .debug_aranges
                0x00000040       0x18 .\CortexM0\ARM_GCC_484\Debug\cymetadata.o
 .debug_aranges
                0x00000058       0x48 .\CortexM0\ARM_GCC_484\Debug\Cm0Start.o
 .debug_aranges
                0x000000a0       0x58 .\CortexM0\ARM_GCC_484\Debug\Motor.a(cyfitter_cfg.o)
 .debug_aranges
                0x000000f8       0x28 .\CortexM0\ARM_GCC_484\Debug\Motor.a(Bootloadable_1.o)
 .debug_aranges
                0x00000120       0x68 .\CortexM0\ARM_GCC_484\Debug\Motor.a(UART_1.o)
 .debug_aranges
                0x00000188       0x50 .\CortexM0\ARM_GCC_484\Debug\Motor.a(UART_1_UART.o)
 .debug_aranges
                0x000001d8       0x20 .\CortexM0\ARM_GCC_484\Debug\Motor.a(CyBootAsmGnu.o)
 .debug_aranges
                0x000001f8       0x38 .\CortexM0\ARM_GCC_484\Debug\Motor.a(CyFlash.o)
 .debug_aranges
                0x00000230      0x230 .\CortexM0\ARM_GCC_484\Debug\Motor.a(CyLib.o)
 .debug_aranges
                0x00000460      0x158 .\CortexM0\ARM_GCC_484\Debug\Motor.a(PWM_1.o)
 .debug_aranges
                0x000005b8       0x40 .\CortexM0\ARM_GCC_484\Debug\Motor.a(Pin_1_0.o)
 .debug_aranges
                0x000005f8       0x40 .\CortexM0\ARM_GCC_484\Debug\Motor.a(Pin_1_1.o)
 .debug_aranges
                0x00000638       0x40 .\CortexM0\ARM_GCC_484\Debug\Motor.a(pin_button.o)
 .debug_aranges
                0x00000678      0x158 .\CortexM0\ARM_GCC_484\Debug\Motor.a(Timer_CH1.o)
 .debug_aranges
                0x000007d0      0x158 .\CortexM0\ARM_GCC_484\Debug\Motor.a(Timer_CH2.o)
 .debug_aranges
                0x00000928       0x80 .\CortexM0\ARM_GCC_484\Debug\Motor.a(isr_CH1.o)
 .debug_aranges
                0x000009a8       0x80 .\CortexM0\ARM_GCC_484\Debug\Motor.a(isr_CH2.o)
 .debug_aranges
                0x00000a28      0x158 .\CortexM0\ARM_GCC_484\Debug\Motor.a(PWM_2.o)
 .debug_aranges
                0x00000b80       0x40 .\CortexM0\ARM_GCC_484\Debug\Motor.a(Pin_0_6.o)
 .debug_aranges
                0x00000bc0       0x40 .\CortexM0\ARM_GCC_484\Debug\Motor.a(Pin_0_5.o)
 .debug_aranges
                0x00000c00       0x60 .\CortexM0\ARM_GCC_484\Debug\Motor.a(UART_1_SPI_UART.o)

.debug_pubnames
 *(.debug_pubnames)

.debug_info     0x00000000     0x48ec
 *(.debug_info .gnu.linkonce.wi.*)
 .debug_info    0x00000000      0x172 .\CortexM0\ARM_GCC_484\Debug\main.o
 .debug_info    0x00000172      0x14d .\CortexM0\ARM_GCC_484\Debug\cybootloader.o
 .debug_info    0x000002bf       0xb1 .\CortexM0\ARM_GCC_484\Debug\cymetadata.o
 .debug_info    0x00000370      0x310 .\CortexM0\ARM_GCC_484\Debug\Cm0Start.o
 .debug_info    0x00000680      0x442 .\CortexM0\ARM_GCC_484\Debug\Motor.a(cyfitter_cfg.o)
 .debug_info    0x00000ac2      0x155 .\CortexM0\ARM_GCC_484\Debug\Motor.a(Bootloadable_1.o)
 .debug_info    0x00000c17      0x1eb .\CortexM0\ARM_GCC_484\Debug\Motor.a(UART_1.o)
 .debug_info    0x00000e02      0x1fe .\CortexM0\ARM_GCC_484\Debug\Motor.a(UART_1_UART.o)
 .debug_info    0x00001000       0x79 .\CortexM0\ARM_GCC_484\Debug\Motor.a(CyBootAsmGnu.o)
 .debug_info    0x00001079      0x29b .\CortexM0\ARM_GCC_484\Debug\Motor.a(CyFlash.o)
 .debug_info    0x00001314      0xc5b .\CortexM0\ARM_GCC_484\Debug\Motor.a(CyLib.o)
 .debug_info    0x00001f6f      0x6f0 .\CortexM0\ARM_GCC_484\Debug\Motor.a(PWM_1.o)
 .debug_info    0x0000265f      0x14c .\CortexM0\ARM_GCC_484\Debug\Motor.a(Pin_1_0.o)
 .debug_info    0x000027ab      0x14c .\CortexM0\ARM_GCC_484\Debug\Motor.a(Pin_1_1.o)
 .debug_info    0x000028f7      0x14c .\CortexM0\ARM_GCC_484\Debug\Motor.a(pin_button.o)
 .debug_info    0x00002a43      0x6f0 .\CortexM0\ARM_GCC_484\Debug\Motor.a(Timer_CH1.o)
 .debug_info    0x00003133      0x6f0 .\CortexM0\ARM_GCC_484\Debug\Motor.a(Timer_CH2.o)
 .debug_info    0x00003823      0x29a .\CortexM0\ARM_GCC_484\Debug\Motor.a(isr_CH1.o)
 .debug_info    0x00003abd      0x29a .\CortexM0\ARM_GCC_484\Debug\Motor.a(isr_CH2.o)
 .debug_info    0x00003d57      0x6f0 .\CortexM0\ARM_GCC_484\Debug\Motor.a(PWM_2.o)
 .debug_info    0x00004447      0x14c .\CortexM0\ARM_GCC_484\Debug\Motor.a(Pin_0_6.o)
 .debug_info    0x00004593      0x14c .\CortexM0\ARM_GCC_484\Debug\Motor.a(Pin_0_5.o)
 .debug_info    0x000046df      0x20d .\CortexM0\ARM_GCC_484\Debug\Motor.a(UART_1_SPI_UART.o)

.debug_abbrev   0x00000000     0x1768
 *(.debug_abbrev)
 .debug_abbrev  0x00000000       0xdc .\CortexM0\ARM_GCC_484\Debug\main.o
 .debug_abbrev  0x000000dc       0x77 .\CortexM0\ARM_GCC_484\Debug\cybootloader.o
 .debug_abbrev  0x00000153       0x5d .\CortexM0\ARM_GCC_484\Debug\cymetadata.o
 .debug_abbrev  0x000001b0      0x1c5 .\CortexM0\ARM_GCC_484\Debug\Cm0Start.o
 .debug_abbrev  0x00000375      0x18a .\CortexM0\ARM_GCC_484\Debug\Motor.a(cyfitter_cfg.o)
 .debug_abbrev  0x000004ff       0xc0 .\CortexM0\ARM_GCC_484\Debug\Motor.a(Bootloadable_1.o)
 .debug_abbrev  0x000005bf      0x122 .\CortexM0\ARM_GCC_484\Debug\Motor.a(UART_1.o)
 .debug_abbrev  0x000006e1       0xf9 .\CortexM0\ARM_GCC_484\Debug\Motor.a(UART_1_UART.o)
 .debug_abbrev  0x000007da       0x14 .\CortexM0\ARM_GCC_484\Debug\Motor.a(CyBootAsmGnu.o)
 .debug_abbrev  0x000007ee      0x120 .\CortexM0\ARM_GCC_484\Debug\Motor.a(CyFlash.o)
 .debug_abbrev  0x0000090e      0x207 .\CortexM0\ARM_GCC_484\Debug\Motor.a(CyLib.o)
 .debug_abbrev  0x00000b15      0x109 .\CortexM0\ARM_GCC_484\Debug\Motor.a(PWM_1.o)
 .debug_abbrev  0x00000c1e       0xb7 .\CortexM0\ARM_GCC_484\Debug\Motor.a(Pin_1_0.o)
 .debug_abbrev  0x00000cd5       0xb7 .\CortexM0\ARM_GCC_484\Debug\Motor.a(Pin_1_1.o)
 .debug_abbrev  0x00000d8c       0xb7 .\CortexM0\ARM_GCC_484\Debug\Motor.a(pin_button.o)
 .debug_abbrev  0x00000e43      0x109 .\CortexM0\ARM_GCC_484\Debug\Motor.a(Timer_CH1.o)
 .debug_abbrev  0x00000f4c      0x109 .\CortexM0\ARM_GCC_484\Debug\Motor.a(Timer_CH2.o)
 .debug_abbrev  0x00001055      0x1a0 .\CortexM0\ARM_GCC_484\Debug\Motor.a(isr_CH1.o)
 .debug_abbrev  0x000011f5      0x1a0 .\CortexM0\ARM_GCC_484\Debug\Motor.a(isr_CH2.o)
 .debug_abbrev  0x00001395      0x109 .\CortexM0\ARM_GCC_484\Debug\Motor.a(PWM_2.o)
 .debug_abbrev  0x0000149e       0xb7 .\CortexM0\ARM_GCC_484\Debug\Motor.a(Pin_0_6.o)
 .debug_abbrev  0x00001555       0xb7 .\CortexM0\ARM_GCC_484\Debug\Motor.a(Pin_0_5.o)
 .debug_abbrev  0x0000160c      0x15c .\CortexM0\ARM_GCC_484\Debug\Motor.a(UART_1_SPI_UART.o)

.debug_line     0x00000000     0x2596
 *(.debug_line)
 .debug_line    0x00000000       0xb7 .\CortexM0\ARM_GCC_484\Debug\main.o
 .debug_line    0x000000b7       0x55 .\CortexM0\ARM_GCC_484\Debug\cybootloader.o
 .debug_line    0x0000010c       0x53 .\CortexM0\ARM_GCC_484\Debug\cymetadata.o
 .debug_line    0x0000015f      0x1bc .\CortexM0\ARM_GCC_484\Debug\Cm0Start.o
 .debug_line    0x0000031b      0x1bf .\CortexM0\ARM_GCC_484\Debug\Motor.a(cyfitter_cfg.o)
 .debug_line    0x000004da       0xa6 .\CortexM0\ARM_GCC_484\Debug\Motor.a(Bootloadable_1.o)
 .debug_line    0x00000580      0x121 .\CortexM0\ARM_GCC_484\Debug\Motor.a(UART_1.o)
 .debug_line    0x000006a1      0x103 .\CortexM0\ARM_GCC_484\Debug\Motor.a(UART_1_UART.o)
 .debug_line    0x000007a4       0x69 .\CortexM0\ARM_GCC_484\Debug\Motor.a(CyBootAsmGnu.o)
 .debug_line    0x0000080d      0x177 .\CortexM0\ARM_GCC_484\Debug\Motor.a(CyFlash.o)
 .debug_line    0x00000984      0x703 .\CortexM0\ARM_GCC_484\Debug\Motor.a(CyLib.o)
 .debug_line    0x00001087      0x375 .\CortexM0\ARM_GCC_484\Debug\Motor.a(PWM_1.o)
 .debug_line    0x000013fc       0xad .\CortexM0\ARM_GCC_484\Debug\Motor.a(Pin_1_0.o)
 .debug_line    0x000014a9       0xad .\CortexM0\ARM_GCC_484\Debug\Motor.a(Pin_1_1.o)
 .debug_line    0x00001556       0xb0 .\CortexM0\ARM_GCC_484\Debug\Motor.a(pin_button.o)
 .debug_line    0x00001606      0x371 .\CortexM0\ARM_GCC_484\Debug\Motor.a(Timer_CH1.o)
 .debug_line    0x00001977      0x371 .\CortexM0\ARM_GCC_484\Debug\Motor.a(Timer_CH2.o)
 .debug_line    0x00001ce8      0x15c .\CortexM0\ARM_GCC_484\Debug\Motor.a(isr_CH1.o)
 .debug_line    0x00001e44      0x15c .\CortexM0\ARM_GCC_484\Debug\Motor.a(isr_CH2.o)
 .debug_line    0x00001fa0      0x375 .\CortexM0\ARM_GCC_484\Debug\Motor.a(PWM_2.o)
 .debug_line    0x00002315       0xad .\CortexM0\ARM_GCC_484\Debug\Motor.a(Pin_0_6.o)
 .debug_line    0x000023c2       0xad .\CortexM0\ARM_GCC_484\Debug\Motor.a(Pin_0_5.o)
 .debug_line    0x0000246f      0x127 .\CortexM0\ARM_GCC_484\Debug\Motor.a(UART_1_SPI_UART.o)

.debug_frame    0x00000000     0x2aa4
 *(.debug_frame)
 .debug_frame   0x00000000       0x50 .\CortexM0\ARM_GCC_484\Debug\main.o
 .debug_frame   0x00000050       0xc8 .\CortexM0\ARM_GCC_484\Debug\Cm0Start.o
 .debug_frame   0x00000118      0x108 .\CortexM0\ARM_GCC_484\Debug\Motor.a(cyfitter_cfg.o)
 .debug_frame   0x00000220       0x4c .\CortexM0\ARM_GCC_484\Debug\Motor.a(Bootloadable_1.o)
 .debug_frame   0x0000026c      0x134 .\CortexM0\ARM_GCC_484\Debug\Motor.a(UART_1.o)
 .debug_frame   0x000003a0       0xec .\CortexM0\ARM_GCC_484\Debug\Motor.a(UART_1_UART.o)
 .debug_frame   0x0000048c       0x98 .\CortexM0\ARM_GCC_484\Debug\Motor.a(CyFlash.o)
 .debug_frame   0x00000524      0x83c .\CortexM0\ARM_GCC_484\Debug\Motor.a(CyLib.o)
 .debug_frame   0x00000d60      0x52c .\CortexM0\ARM_GCC_484\Debug\Motor.a(PWM_1.o)
 .debug_frame   0x0000128c       0xa8 .\CortexM0\ARM_GCC_484\Debug\Motor.a(Pin_1_0.o)
 .debug_frame   0x00001334       0xa8 .\CortexM0\ARM_GCC_484\Debug\Motor.a(Pin_1_1.o)
 .debug_frame   0x000013dc       0xa8 .\CortexM0\ARM_GCC_484\Debug\Motor.a(pin_button.o)
 .debug_frame   0x00001484      0x52c .\CortexM0\ARM_GCC_484\Debug\Motor.a(Timer_CH1.o)
 .debug_frame   0x000019b0      0x52c .\CortexM0\ARM_GCC_484\Debug\Motor.a(Timer_CH2.o)
 .debug_frame   0x00001edc      0x194 .\CortexM0\ARM_GCC_484\Debug\Motor.a(isr_CH1.o)
 .debug_frame   0x00002070      0x194 .\CortexM0\ARM_GCC_484\Debug\Motor.a(isr_CH2.o)
 .debug_frame   0x00002204      0x52c .\CortexM0\ARM_GCC_484\Debug\Motor.a(PWM_2.o)
 .debug_frame   0x00002730       0xa8 .\CortexM0\ARM_GCC_484\Debug\Motor.a(Pin_0_6.o)
 .debug_frame   0x000027d8       0xa8 .\CortexM0\ARM_GCC_484\Debug\Motor.a(Pin_0_5.o)
 .debug_frame   0x00002880      0x128 .\CortexM0\ARM_GCC_484\Debug\Motor.a(UART_1_SPI_UART.o)
 .debug_frame   0x000029a8       0x20 c:/program files (x86)/cypress/psoc creator/3.1/psoc creator/import/gnu_cs/arm/4.8.4/bin/../lib/gcc/arm-none-eabi/4.8.4/armv6-m\libgcc.a(_udivsi3.o)
 .debug_frame   0x000029c8       0x20 c:/program files (x86)/cypress/psoc creator/3.1/psoc creator/import/gnu_cs/arm/4.8.4/bin/../lib/gcc/arm-none-eabi/4.8.4/armv6-m\libgcc.a(_divsi3.o)
 .debug_frame   0x000029e8       0x20 c:/program files (x86)/cypress/psoc creator/3.1/psoc creator/import/gnu_cs/arm/4.8.4/bin/../lib/gcc/arm-none-eabi/4.8.4/../../../../arm-none-eabi/lib/armv6-m\libg_s.a(lib_a-errno.o)
 .debug_frame   0x00002a08       0x28 c:/program files (x86)/cypress/psoc creator/3.1/psoc creator/import/gnu_cs/arm/4.8.4/bin/../lib/gcc/arm-none-eabi/4.8.4/../../../../arm-none-eabi/lib/armv6-m\libg_s.a(lib_a-exit.o)
 .debug_frame   0x00002a30       0x2c c:/program files (x86)/cypress/psoc creator/3.1/psoc creator/import/gnu_cs/arm/4.8.4/bin/../lib/gcc/arm-none-eabi/4.8.4/../../../../arm-none-eabi/lib/armv6-m\libg_s.a(lib_a-init.o)
 .debug_frame   0x00002a5c       0x28 c:/program files (x86)/cypress/psoc creator/3.1/psoc creator/import/gnu_cs/arm/4.8.4/bin/../lib/gcc/arm-none-eabi/4.8.4/../../../../arm-none-eabi/lib/armv6-m\libg_s.a(lib_a-memcpy-stub.o)
 .debug_frame   0x00002a84       0x20 c:/program files (x86)/cypress/psoc creator/3.1/psoc creator/import/gnu_cs/arm/4.8.4/bin/../lib/gcc/arm-none-eabi/4.8.4/../../../../arm-none-eabi/lib/armv6-m\libg_s.a(lib_a-memset.o)

.debug_str      0x00000000     0x24c6
 *(.debug_str)
 .debug_str     0x00000000      0x181 .\CortexM0\ARM_GCC_484\Debug\main.o
                                0x1c0 (size before relaxing)
 .debug_str     0x00000181       0x7a .\CortexM0\ARM_GCC_484\Debug\cybootloader.o
                                0x1c4 (size before relaxing)
 .debug_str     0x000001fb       0x37 .\CortexM0\ARM_GCC_484\Debug\cymetadata.o
                                0x181 (size before relaxing)
 .debug_str     0x00000232      0x144 .\CortexM0\ARM_GCC_484\Debug\Cm0Start.o
                                0x2a2 (size before relaxing)
 .debug_str     0x00000376      0x193 .\CortexM0\ARM_GCC_484\Debug\Motor.a(cyfitter_cfg.o)
                                0x32d (size before relaxing)
 .debug_str     0x00000509       0x79 .\CortexM0\ARM_GCC_484\Debug\Motor.a(Bootloadable_1.o)
                                0x1f1 (size before relaxing)
 .debug_str     0x00000582      0x131 .\CortexM0\ARM_GCC_484\Debug\Motor.a(UART_1.o)
                                0x295 (size before relaxing)
 .debug_str     0x000006b3      0x10e .\CortexM0\ARM_GCC_484\Debug\Motor.a(UART_1_UART.o)
                                0x267 (size before relaxing)
 .debug_str     0x000007c1      0x157 .\CortexM0\ARM_GCC_484\Debug\Motor.a(CyFlash.o)
                                0x2c9 (size before relaxing)
 .debug_str     0x00000918      0x70e .\CortexM0\ARM_GCC_484\Debug\Motor.a(CyLib.o)
                                0x8ac (size before relaxing)
 .debug_str     0x00001026      0x3e8 .\CortexM0\ARM_GCC_484\Debug\Motor.a(PWM_1.o)
                                0x54f (size before relaxing)
 .debug_str     0x0000140e       0x91 .\CortexM0\ARM_GCC_484\Debug\Motor.a(Pin_1_0.o)
                                0x1ea (size before relaxing)
 .debug_str     0x0000149f       0x7e .\CortexM0\ARM_GCC_484\Debug\Motor.a(Pin_1_1.o)
                                0x1ea (size before relaxing)
 .debug_str     0x0000151d       0x90 .\CortexM0\ARM_GCC_484\Debug\Motor.a(pin_button.o)
                                0x1fc (size before relaxing)
 .debug_str     0x000015ad      0x3d1 .\CortexM0\ARM_GCC_484\Debug\Motor.a(Timer_CH1.o)
                                0x5f7 (size before relaxing)
 .debug_str     0x0000197e      0x3d1 .\CortexM0\ARM_GCC_484\Debug\Motor.a(Timer_CH2.o)
                                0x5f7 (size before relaxing)
 .debug_str     0x00001d4f      0x118 .\CortexM0\ARM_GCC_484\Debug\Motor.a(isr_CH1.o)
                                0x2c3 (size before relaxing)
 .debug_str     0x00001e67      0x104 .\CortexM0\ARM_GCC_484\Debug\Motor.a(isr_CH2.o)
                                0x2c3 (size before relaxing)
 .debug_str     0x00001f6b      0x329 .\CortexM0\ARM_GCC_484\Debug\Motor.a(PWM_2.o)
                                0x54f (size before relaxing)
 .debug_str     0x00002294       0x7e .\CortexM0\ARM_GCC_484\Debug\Motor.a(Pin_0_6.o)
                                0x1ea (size before relaxing)
 .debug_str     0x00002312       0x7e .\CortexM0\ARM_GCC_484\Debug\Motor.a(Pin_0_5.o)
                                0x1ea (size before relaxing)
 .debug_str     0x00002390      0x136 .\CortexM0\ARM_GCC_484\Debug\Motor.a(UART_1_SPI_UART.o)
                                0x2ad (size before relaxing)

.debug_loc
 *(.debug_loc)

.debug_macinfo
 *(.debug_macinfo)

.debug_ranges   0x00000000      0xad0
 *(.debug_ranges)
 .debug_ranges  0x00000000       0x18 .\CortexM0\ARM_GCC_484\Debug\main.o
 .debug_ranges  0x00000018       0x38 .\CortexM0\ARM_GCC_484\Debug\Cm0Start.o
 .debug_ranges  0x00000050       0x48 .\CortexM0\ARM_GCC_484\Debug\Motor.a(cyfitter_cfg.o)
 .debug_ranges  0x00000098       0x18 .\CortexM0\ARM_GCC_484\Debug\Motor.a(Bootloadable_1.o)
 .debug_ranges  0x000000b0       0x58 .\CortexM0\ARM_GCC_484\Debug\Motor.a(UART_1.o)
 .debug_ranges  0x00000108       0x40 .\CortexM0\ARM_GCC_484\Debug\Motor.a(UART_1_UART.o)
 .debug_ranges  0x00000148       0x28 .\CortexM0\ARM_GCC_484\Debug\Motor.a(CyFlash.o)
 .debug_ranges  0x00000170      0x220 .\CortexM0\ARM_GCC_484\Debug\Motor.a(CyLib.o)
 .debug_ranges  0x00000390      0x148 .\CortexM0\ARM_GCC_484\Debug\Motor.a(PWM_1.o)
 .debug_ranges  0x000004d8       0x30 .\CortexM0\ARM_GCC_484\Debug\Motor.a(Pin_1_0.o)
 .debug_ranges  0x00000508       0x30 .\CortexM0\ARM_GCC_484\Debug\Motor.a(Pin_1_1.o)
 .debug_ranges  0x00000538       0x30 .\CortexM0\ARM_GCC_484\Debug\Motor.a(pin_button.o)
 .debug_ranges  0x00000568      0x148 .\CortexM0\ARM_GCC_484\Debug\Motor.a(Timer_CH1.o)
 .debug_ranges  0x000006b0      0x148 .\CortexM0\ARM_GCC_484\Debug\Motor.a(Timer_CH2.o)
 .debug_ranges  0x000007f8       0x70 .\CortexM0\ARM_GCC_484\Debug\Motor.a(isr_CH1.o)
 .debug_ranges  0x00000868       0x70 .\CortexM0\ARM_GCC_484\Debug\Motor.a(isr_CH2.o)
 .debug_ranges  0x000008d8      0x148 .\CortexM0\ARM_GCC_484\Debug\Motor.a(PWM_2.o)
 .debug_ranges  0x00000a20       0x30 .\CortexM0\ARM_GCC_484\Debug\Motor.a(Pin_0_6.o)
 .debug_ranges  0x00000a50       0x30 .\CortexM0\ARM_GCC_484\Debug\Motor.a(Pin_0_5.o)
 .debug_ranges  0x00000a80       0x50 .\CortexM0\ARM_GCC_484\Debug\Motor.a(UART_1_SPI_UART.o)

.comment        0x00000000       0x70
 .comment       0x00000000       0x70 .\CortexM0\ARM_GCC_484\Debug\main.o
                                 0x71 (size before relaxing)
 .comment       0x00000000       0x71 .\CortexM0\ARM_GCC_484\Debug\cybootloader.o
 .comment       0x00000000       0x71 .\CortexM0\ARM_GCC_484\Debug\cymetadata.o
 .comment       0x00000000       0x71 .\CortexM0\ARM_GCC_484\Debug\Cm0Start.o
 .comment       0x00000000       0x71 .\CortexM0\ARM_GCC_484\Debug\Motor.a(cyfitter_cfg.o)
 .comment       0x00000000       0x71 .\CortexM0\ARM_GCC_484\Debug\Motor.a(Bootloadable_1.o)
 .comment       0x00000000       0x71 .\CortexM0\ARM_GCC_484\Debug\Motor.a(UART_1.o)
 .comment       0x00000000       0x71 .\CortexM0\ARM_GCC_484\Debug\Motor.a(UART_1_UART.o)
 .comment       0x00000000       0x71 .\CortexM0\ARM_GCC_484\Debug\Motor.a(CyFlash.o)
 .comment       0x00000000       0x71 .\CortexM0\ARM_GCC_484\Debug\Motor.a(CyLib.o)
 .comment       0x00000000       0x71 .\CortexM0\ARM_GCC_484\Debug\Motor.a(PWM_1.o)
 .comment       0x00000000       0x71 .\CortexM0\ARM_GCC_484\Debug\Motor.a(Pin_1_0.o)
 .comment       0x00000000       0x71 .\CortexM0\ARM_GCC_484\Debug\Motor.a(Pin_1_1.o)
 .comment       0x00000000       0x71 .\CortexM0\ARM_GCC_484\Debug\Motor.a(pin_button.o)
 .comment       0x00000000       0x71 .\CortexM0\ARM_GCC_484\Debug\Motor.a(Timer_CH1.o)
 .comment       0x00000000       0x71 .\CortexM0\ARM_GCC_484\Debug\Motor.a(Timer_CH2.o)
 .comment       0x00000000       0x71 .\CortexM0\ARM_GCC_484\Debug\Motor.a(isr_CH1.o)
 .comment       0x00000000       0x71 .\CortexM0\ARM_GCC_484\Debug\Motor.a(isr_CH2.o)
 .comment       0x00000000       0x71 .\CortexM0\ARM_GCC_484\Debug\Motor.a(PWM_2.o)
 .comment       0x00000000       0x71 .\CortexM0\ARM_GCC_484\Debug\Motor.a(Pin_0_6.o)
 .comment       0x00000000       0x71 .\CortexM0\ARM_GCC_484\Debug\Motor.a(Pin_0_5.o)
 .comment       0x00000000       0x71 .\CortexM0\ARM_GCC_484\Debug\Motor.a(UART_1_SPI_UART.o)

.debug_weaknames
 *(.debug_weaknames)

.debug_funcnames
 *(.debug_funcnames)

.debug_typenames
 *(.debug_typenames)

.debug_varnames
 *(.debug_varnames)

.note.gnu.arm.ident
 *(.note.gnu.arm.ident)

.ARM.attributes
                0x00000000       0x28
 *(.ARM.attributes)
 .ARM.attributes
                0x00000000       0x1e c:/program files (x86)/cypress/psoc creator/3.1/psoc creator/import/gnu_cs/arm/4.8.4/bin/../lib/gcc/arm-none-eabi/4.8.4/armv6-m/crti.o
 .ARM.attributes
                0x0000001e       0x2c c:/program files (x86)/cypress/psoc creator/3.1/psoc creator/import/gnu_cs/arm/4.8.4/bin/../lib/gcc/arm-none-eabi/4.8.4/armv6-m/crtbegin.o
 .ARM.attributes
                0x0000004a       0x1b c:/program files (x86)/cypress/psoc creator/3.1/psoc creator/import/gnu_cs/arm/4.8.4/bin/../lib/gcc/arm-none-eabi/4.8.4/../../../../arm-none-eabi/lib/armv6-m/crt0.o
 .ARM.attributes
                0x00000065       0x31 .\CortexM0\ARM_GCC_484\Debug\main.o
 .ARM.attributes
                0x00000096       0x31 .\CortexM0\ARM_GCC_484\Debug\cybootloader.o
 .ARM.attributes
                0x000000c7       0x31 .\CortexM0\ARM_GCC_484\Debug\cymetadata.o
 .ARM.attributes
                0x000000f8       0x31 .\CortexM0\ARM_GCC_484\Debug\Cm0Start.o
 .ARM.attributes
                0x00000129       0x31 .\CortexM0\ARM_GCC_484\Debug\Motor.a(cyfitter_cfg.o)
 .ARM.attributes
                0x0000015a       0x31 .\CortexM0\ARM_GCC_484\Debug\Motor.a(Bootloadable_1.o)
 .ARM.attributes
                0x0000018b       0x31 .\CortexM0\ARM_GCC_484\Debug\Motor.a(UART_1.o)
 .ARM.attributes
                0x000001bc       0x31 .\CortexM0\ARM_GCC_484\Debug\Motor.a(UART_1_UART.o)
 .ARM.attributes
                0x000001ed       0x21 .\CortexM0\ARM_GCC_484\Debug\Motor.a(CyBootAsmGnu.o)
 .ARM.attributes
                0x0000020e       0x31 .\CortexM0\ARM_GCC_484\Debug\Motor.a(CyFlash.o)
 .ARM.attributes
                0x0000023f       0x31 .\CortexM0\ARM_GCC_484\Debug\Motor.a(CyLib.o)
 .ARM.attributes
                0x00000270       0x31 .\CortexM0\ARM_GCC_484\Debug\Motor.a(PWM_1.o)
 .ARM.attributes
                0x000002a1       0x31 .\CortexM0\ARM_GCC_484\Debug\Motor.a(Pin_1_0.o)
 .ARM.attributes
                0x000002d2       0x31 .\CortexM0\ARM_GCC_484\Debug\Motor.a(Pin_1_1.o)
 .ARM.attributes
                0x00000303       0x31 .\CortexM0\ARM_GCC_484\Debug\Motor.a(pin_button.o)
 .ARM.attributes
                0x00000334       0x31 .\CortexM0\ARM_GCC_484\Debug\Motor.a(Timer_CH1.o)
 .ARM.attributes
                0x00000365       0x31 .\CortexM0\ARM_GCC_484\Debug\Motor.a(Timer_CH2.o)
 .ARM.attributes
                0x00000396       0x31 .\CortexM0\ARM_GCC_484\Debug\Motor.a(isr_CH1.o)
 .ARM.attributes
                0x000003c7       0x31 .\CortexM0\ARM_GCC_484\Debug\Motor.a(isr_CH2.o)
 .ARM.attributes
                0x000003f8       0x31 .\CortexM0\ARM_GCC_484\Debug\Motor.a(PWM_2.o)
 .ARM.attributes
                0x00000429       0x31 .\CortexM0\ARM_GCC_484\Debug\Motor.a(Pin_0_6.o)
 .ARM.attributes
                0x0000045a       0x31 .\CortexM0\ARM_GCC_484\Debug\Motor.a(Pin_0_5.o)
 .ARM.attributes
                0x0000048b       0x31 .\CortexM0\ARM_GCC_484\Debug\Motor.a(UART_1_SPI_UART.o)
 .ARM.attributes
                0x000004bc       0x1e c:/program files (x86)/cypress/psoc creator/3.1/psoc creator/import/gnu_cs/arm/4.8.4/bin/../lib/gcc/arm-none-eabi/4.8.4/armv6-m\libgcc.a(_udivsi3.o)
 .ARM.attributes
                0x000004da       0x1e c:/program files (x86)/cypress/psoc creator/3.1/psoc creator/import/gnu_cs/arm/4.8.4/bin/../lib/gcc/arm-none-eabi/4.8.4/armv6-m\libgcc.a(_divsi3.o)
 .ARM.attributes
                0x000004f8       0x1e c:/program files (x86)/cypress/psoc creator/3.1/psoc creator/import/gnu_cs/arm/4.8.4/bin/../lib/gcc/arm-none-eabi/4.8.4/armv6-m\libgcc.a(_dvmd_tls.o)
 .ARM.attributes
                0x00000516       0x2c c:/program files (x86)/cypress/psoc creator/3.1/psoc creator/import/gnu_cs/arm/4.8.4/bin/../lib/gcc/arm-none-eabi/4.8.4/../../../../arm-none-eabi/lib/armv6-m\libg_s.a(lib_a-errno.o)
 .ARM.attributes
                0x00000542       0x2c c:/program files (x86)/cypress/psoc creator/3.1/psoc creator/import/gnu_cs/arm/4.8.4/bin/../lib/gcc/arm-none-eabi/4.8.4/../../../../arm-none-eabi/lib/armv6-m\libg_s.a(lib_a-exit.o)
 .ARM.attributes
                0x0000056e       0x2c c:/program files (x86)/cypress/psoc creator/3.1/psoc creator/import/gnu_cs/arm/4.8.4/bin/../lib/gcc/arm-none-eabi/4.8.4/../../../../arm-none-eabi/lib/armv6-m\libg_s.a(lib_a-impure.o)
 .ARM.attributes
                0x0000059a       0x2c c:/program files (x86)/cypress/psoc creator/3.1/psoc creator/import/gnu_cs/arm/4.8.4/bin/../lib/gcc/arm-none-eabi/4.8.4/../../../../arm-none-eabi/lib/armv6-m\libg_s.a(lib_a-init.o)
 .ARM.attributes
                0x000005c6       0x2c c:/program files (x86)/cypress/psoc creator/3.1/psoc creator/import/gnu_cs/arm/4.8.4/bin/../lib/gcc/arm-none-eabi/4.8.4/../../../../arm-none-eabi/lib/armv6-m\libg_s.a(lib_a-memcpy-stub.o)
 .ARM.attributes
                0x000005f2       0x2c c:/program files (x86)/cypress/psoc creator/3.1/psoc creator/import/gnu_cs/arm/4.8.4/bin/../lib/gcc/arm-none-eabi/4.8.4/../../../../arm-none-eabi/lib/armv6-m\libg_s.a(lib_a-memset.o)
 .ARM.attributes
                0x0000061e       0x2c c:/program files (x86)/cypress/psoc creator/3.1/psoc creator/import/gnu_cs/arm/4.8.4/bin/../lib/gcc/arm-none-eabi/4.8.4/armv6-m/crtend.o
 .ARM.attributes
                0x0000064a       0x1e c:/program files (x86)/cypress/psoc creator/3.1/psoc creator/import/gnu_cs/arm/4.8.4/bin/../lib/gcc/arm-none-eabi/4.8.4/armv6-m/crtn.o

/DISCARD/
 *(.note.GNU-stack)
OUTPUT(.\CortexM0\ARM_GCC_484\Debug\Motor.elf elf32-littlearm)
